First building id/name, followed by Enter: Second building id/name, followed by Enter: Unknown building: [5]
Unknown building: [7]
