Unknown option
First building id/name, followed by Enter: Second building id/name, followed by Enter: Path from Troy Building to 87 Gymnasium:
	Walk East to (Ricketts Building)
	Walk East to (87 Gymnasium)
Total distance: 156.051 pixel units.
First building id/name, followed by Enter: Second building id/name, followed by Enter: Path from RPI Ambulance to Cogswell Laboratory:
	Walk North to (Intersection 99)
	Walk NorthWest to (Cogswell Laboratory)
Total distance: 143.488 pixel units.
First building id/name, followed by Enter: Second building id/name, followed by Enter: Unknown building: [Lally]
First building id/name, followed by Enter: Second building id/name, followed by Enter: Path from Troy Building to 87 Gymnasium:
	Walk East to (Ricketts Building)
	Walk East to (87 Gymnasium)
Total distance: 156.051 pixel units.
First building id/name, followed by Enter: Second building id/name, followed by Enter: Path from Troy Building to 87 Gymnasium:
	Walk East to (Ricketts Building)
	Walk East to (87 Gymnasium)
Total distance: 156.051 pixel units.
